// Jest Snapshot v1, https://goo.gl/fbAQLP

exports[`renders correctly 1`] = `
<Status
  code={500}
>
  <div>
    <p>
      Bir hata meydana geldi.
    </p>
  </div>
</Status>
`;
