// Jest Snapshot v1, https://goo.gl/fbAQLP

exports[`renders correctly 1`] = `
<Fragment>
  <HelmetWrapper
    defer={true}
    encodeSpecialCharacters={true}
  >
    <title>
      Github.ist
    </title>
  </HelmetWrapper>
  <div
    id="main"
  >
    <Routes />
  </div>
</Fragment>
`;
